Microchip MPLAB XC8 Compiler V2.35

Linker command line:

-W-3 --edf=C:\Program Files\Microchip\xc8\v2.35\pic\dat\en_msgs.txt -cn \
  -h+dist/default/production\PROYECTO_FINAL.X.production.sym \
  --cmf=dist/default/production\PROYECTO_FINAL.X.production.cmf -z -Q16F887 \
  -oC:\Users\Logicos\AppData\Local\Temp\xcAsbf8.4 --defsym=__MPLAB_BUILD=1 \
  -Mdist/default/production/PROYECTO_FINAL.X.production.map \
  --md=C:\Users\Logicos\AppData\Local\Temp\xcAsbf8.dat -E1 \
  -ver=XC8 Compiler --acfsm=1493 -ACODE=00h-07FFhx4 -ASTRCODE=00h-01FFFh \
  -ASTRING=00h-0FFhx32 -ACONST=00h-0FFhx32 -AENTRY=00h-0FFhx32 \
  -ACOMMON=070h-07Fh -ABANK0=020h-06Fh -ABANK1=0A0h-0EFh \
  -ABANK2=0110h-016Fh -ABANK3=0190h-01EFh \
  -ARAM=020h-06Fh,0A0h-0EFh,0110h-016Fh,0190h-01EFh \
  -AABS1=020h-07Fh,0A0h-0EFh,0110h-016Fh,0190h-01EFh -ASFR0=00h-01Fh \
  -ASFR1=080h-09Fh -ASFR2=0100h-010Fh -ASFR3=0180h-018Fh \
  -ACONFIG=02007h-02008h -DCONFIG=2 -AIDLOC=02000h-02003h -DIDLOC=2 \
  -AEEDATA=00h-0FFh/02100h -peeprom_data=EEDATA -DEEDATA=2 -DCODE=2 \
  -DSTRCODE=2 -DSTRING=2 -DCONST=2 -DENTRY=2 \
  -preset_vec=00h,intentry,init,end_init -ppowerup=CODE -pcinit=CODE \
  -pfunctab=ENTRY -k C:\Users\Logicos\AppData\Local\Temp\xcAsbf8.o \
  dist/default/production\PROYECTO_FINAL.X.production.o 

Object code version is 3.11

Machine type is 16F887



                Name                               Link     Load   Length Selector   Space Scale
C:\Users\Logicos\AppData\Local\Temp\xcAsbf8.o
                end_init                              0        0        3        0       0
                config                             2007     2007        2        0       4
dist/default/production\PROYECTO_FINAL.X.production.o
                cinit                               7EE      7EE       12      FDC       0
                config                             2007     2007        2        0       4
                text21                             157A     157A       36     2AF4       0
                text20                               17       17       10       2E       0
                text19                             1524     1524       2A     2A48       0
                text18                             15B0     15B0       36     2B60       0
                text17                             14D7     14D7       26     29AE       0
                text16                             154E     154E       2C     2A9C       0
                text15                              B9B      B9B      1DD     1736       0
                text14                              D78      D78      288     1AF0       0
                text13                             16B2     16B2       50     2D64       0
                text12                              800      800       92      FDC       0
                text11                             175E     175E       A2     2EBC       0
                text10                              892      892       BA     1124       0
                text9                              14FD     14FD       27     29FA       0
                text8                               101      101      361      202       0
                text7                                27       27       DA       4E       0
                text6                              1664     1664       4E     2CC8       0
                text5                              1702     1702       5C     2E04       0
                text4                               A4F      A4F      14C     149E       0
                text3                              1620     1620       44     2C40       0
                text2                              15E6     15E6       3A     2BCC       0
                text1                               94C      94C      103     1298       0
                maintext                            462      462      38C      8C4       0
                cstackBANK0                          20       20       4F       20       1
                cstackCOMMON                         70       70        E       70       1
                cstackBANK1                          A0       A0       42       A0       1
                bssBANK1                             E2       E2        9       A0       1
                bssBANK0                             6F       6F        1       20       1
                strings                            1000     1000       6C     2000       0

TOTAL           Name                               Link     Load   Length     Space
        CLASS   CODE           
                end_init                              0        0        3         0
                cinit                               7EE      7EE       12         0
                text21                             157A     157A       36         0
                text20                               17       17       10         0
                text19                             1524     1524       2A         0
                text18                             15B0     15B0       36         0
                text17                             14D7     14D7       26         0
                text16                             154E     154E       2C         0
                text15                              B9B      B9B      1DD         0
                text14                              D78      D78      288         0
                text13                             16B2     16B2       50         0
                text12                              800      800       92         0
                text11                             175E     175E       A2         0
                text10                              892      892       BA         0
                text9                              14FD     14FD       27         0
                text8                               101      101      361         0
                text7                                27       27       DA         0
                text6                              1664     1664       4E         0
                text5                              1702     1702       5C         0
                text4                               A4F      A4F      14C         0
                text3                              1620     1620       44         0
                text2                              15E6     15E6       3A         0
                text1                               94C      94C      103         0
                maintext                            462      462      38C         0

        CLASS   STRCODE        

        CLASS   STRING         
                strings                            1000     1000       6C         0

        CLASS   CONST          

        CLASS   ENTRY          

        CLASS   COMMON         
                cstackCOMMON                         70       70        E         1

        CLASS   BANK0          
                cstackBANK0                          20       20       4F         1
                bssBANK0                             6F       6F        1         1

        CLASS   BANK1          
                cstackBANK1                          A0       A0       42         1
                bssBANK1                             E2       E2        9         1

        CLASS   BANK2          

        CLASS   BANK3          

        CLASS   RAM            

        CLASS   ABS1           
                abs_s1                               7E       7E        2         1

        CLASS   SFR0           

        CLASS   SFR1           

        CLASS   SFR2           

        CLASS   SFR3           

        CLASS   CONFIG         
                config                             2007     2007        2         4

        CLASS   IDLOC          

        CLASS   EEDATA         

        CLASS   STACK          



SEGMENTS        Name                           Load    Length   Top    Selector   Space  Class     Delta

                reset_vec                      000000  000003  000003         0       0  CODE        2
                cstackBANK0                    000020  000050  000070        20       1  BANK0       1
                text20                         000017  000010  000027        2E       0  CODE        2
                text7                          000027  0000DA  000101        4E       0  CODE        2
                cstackCOMMON                   000070  00000E  00007E        70       1  COMMON      1
                cstackBANK1                    0000A0  00004B  0000EB        A0       1  BANK1       1
                text8                          000101  000361  000462       202       0  CODE        2
                maintext                       000462  00038C  0007EE       8C4       0  CODE        2
                cinit                          0007EE  0000A4  000892       FDC       0  CODE        2
                text10                         000892  0000BA  00094C      1124       0  CODE        2
                text1                          00094C  000103  000A4F      1298       0  CODE        2
                text4                          000A4F  00014C  000B9B      149E       0  CODE        2
                text15                         000B9B  0001DD  000D78      1736       0  CODE        2
                text14                         000D78  000288  001000      1AF0       0  CODE        2
                strings                        001000  00006C  00106C      2000       0  STRING      2
                text17                         0014D7  000026  0014FD      29AE       0  CODE        2
                text9                          0014FD  000027  001524      29FA       0  CODE        2
                text19                         001524  00002A  00154E      2A48       0  CODE        2
                text16                         00154E  00002C  00157A      2A9C       0  CODE        2
                text21                         00157A  000036  0015B0      2AF4       0  CODE        2
                text18                         0015B0  000036  0015E6      2B60       0  CODE        2
                text2                          0015E6  00003A  001620      2BCC       0  CODE        2
                text3                          001620  000044  001664      2C40       0  CODE        2
                text6                          001664  00004E  0016B2      2CC8       0  CODE        2
                text13                         0016B2  000050  001702      2D64       0  CODE        2
                text5                          001702  00005C  00175E      2E04       0  CODE        2
                text11                         00175E  0000A2  001800      2EBC       0  CODE        2


UNUSED ADDRESS RANGES

        Name                Unused          Largest block    Delta
        BANK1            00EB-00EF              5           1
        BANK2            0110-016F             60           1
        BANK3            0190-01EF             60           1
        CODE             0003-0016             14           2
                         106C-14D6            46B
                         1800-1FFF            800
        CONST            0003-0016             14           2
                         106C-14D6            100
                         1800-1FFF            100
        EEDATA           2100-21FF            100           2
        ENTRY            0003-0016             14           2
                         106C-14D6            100
                         1800-1FFF            100
        IDLOC            2000-2003              4           2
        RAM              00EB-00EF              5           1
                         0110-016F             60
                         0190-01EF             60
        SFR0             0000-001F             20           1
        SFR1             0080-009F             20           1
        SFR2             0100-010F             10           1
        SFR3             0180-018F             10           1
        STRCODE          0003-0016             14           2
                         106C-14D6            46B
                         1800-1FFF            800
        STRING           0003-0016             14           2
                         106C-14D6            100
                         1800-1FFF            100

                                  Symbol Table

?__Umul8_16              cstackCOMMON 0070
?___fladd                cstackBANK0  0059
?___fldiv                cstackBANK0  003F
?___flmul                cstackBANK0  0025
?___flsub                cstackBANK1  00A0
?___fltol                cstackBANK1  00A8
?___lwdiv                cstackCOMMON 0070
?___lwmod                cstackCOMMON 0078
?___xxtofl               cstackCOMMON 0070
?_eval_poly              cstackBANK1  00A0
?_frexp                  cstackBANK0  0020
?_log                    cstackBANK1  00B0
?_sprintf                cstackBANK1  00B1
LCD_Char@dat             cstackCOMMON 0072
LCD_Command@cmd          cstackCOMMON 0072
LCD_String@msg           cstackCOMMON 0073
LCD_String_xy@location   cstackCOMMON 0079
LCD_String_xy@msg        cstackCOMMON 0076
LCD_String_xy@pos        cstackCOMMON 0075
LCD_String_xy@row        cstackCOMMON 0078
_ADCON0bits              (abs)        001F
_ADCON1bits              (abs)        009F
_ADRESH                  (abs)        001E
_ADRESL                  (abs)        009E
_ANSEL                   (abs)        0188
_LCD_Char                text18       15B0
_LCD_Clear               text20       0017
_LCD_Command             text21       157A
_LCD_Init                text19       1524
_LCD_String              text17       14D7
_LCD_String_xy           text16       154E
_OSCCON                  (abs)        008F
_PORTCbits               (abs)        0007
_PORTD                   (abs)        0008
_PORTDbits               (abs)        0008
_PORTE                   (abs)        0009
_TRISA0                  (abs)        0428
_TRISC0                  (abs)        0438
_TRISC1                  (abs)        0439
_TRISC3                  (abs)        043B
_TRISD                   (abs)        0088
_TRISE                   (abs)        0089
__Habs1                  abs1         0000
__Hbank0                 bank0        0000
__Hbank1                 bank1        0000
__Hbank2                 bank2        0000
__Hbank3                 bank3        0000
__HbssBANK0              bssBANK0     0000
__HbssBANK1              bssBANK1     0000
__Hcinit                 cinit        0800
__Hclrtext               clrtext      0000
__Hcode                  code         0000
__Hcommon                common       0000
__Hconfig                config       2009
__HcstackBANK0           cstackBANK0  0000
__HcstackBANK1           cstackBANK1  0000
__HcstackCOMMON          cstackCOMMON 0000
__Heeprom_data           eeprom_data  0000
__Hend_init              end_init     0003
__Hfunctab               functab      0000
__Hinit                  init         0000
__Hintentry              intentry     0000
__Hmaintext              maintext     0000
__Hpowerup               powerup      0000
__Hram                   ram          0000
__Hreset_vec             reset_vec    0000
__Hsfr0                  sfr0         0000
__Hsfr1                  sfr1         0000
__Hsfr2                  sfr2         0000
__Hsfr3                  sfr3         0000
__Hspace_0               (abs)        1800
__Hspace_1               (abs)        00EB
__Hspace_2               (abs)        0000
__Hspace_3               (abs)        0000
__Hspace_4               (abs)        4010
__Hstack                 stack        0000
__Hstrings               strings      0000
__Htext                  text         0000
__Labs1                  abs1         0000
__Lbank0                 bank0        0000
__Lbank1                 bank1        0000
__Lbank2                 bank2        0000
__Lbank3                 bank3        0000
__LbssBANK0              bssBANK0     0000
__LbssBANK1              bssBANK1     0000
__Lcinit                 cinit        07EE
__Lclrtext               clrtext      0000
__Lcode                  code         0000
__Lcommon                common       0000
__Lconfig                config       0000
__LcstackBANK0           cstackBANK0  0000
__LcstackBANK1           cstackBANK1  0000
__LcstackCOMMON          cstackCOMMON 0000
__Leeprom_data           eeprom_data  0000
__Lend_init              end_init     0000
__Lfunctab               functab      0000
__Linit                  init         0000
__Lintentry              intentry     0000
__Lmaintext              maintext     0000
__Lpowerup               powerup      0000
__Lram                   ram          0000
__Lreset_vec             reset_vec    0000
__Lsfr0                  sfr0         0000
__Lsfr1                  sfr1         0000
__Lsfr2                  sfr2         0000
__Lsfr3                  sfr3         0000
__Lspace_0               (abs)        0000
__Lspace_1               (abs)        0000
__Lspace_2               (abs)        0000
__Lspace_3               (abs)        0000
__Lspace_4               (abs)        0000
__Lstack                 stack        0000
__Lstrings               strings      0000
__Ltext                  text         0000
__S0                     (abs)        1800
__S1                     (abs)        00EB
__S3                     (abs)        0000
__Umul8_16               text9        14FD
__Umul8_16@multiplicand  cstackCOMMON 0070
__Umul8_16@multiplier    cstackCOMMON 0078
__Umul8_16@product       cstackCOMMON 0074
__Umul8_16@word_mpld     cstackCOMMON 0076
___fladd                 text14       0D78
___fladd@a               cstackBANK0  005D
___fladd@aexp            cstackBANK0  006A
___fladd@b               cstackBANK0  0059
___fladd@bexp            cstackBANK0  006B
___fladd@grs             cstackBANK0  006C
___fladd@signs           cstackBANK0  0069
___fldiv                 text15       0B9B
___fldiv@a               cstackBANK0  003F
___fldiv@aexp            cstackBANK0  0058
___fldiv@b               cstackBANK0  0043
___fldiv@bexp            cstackBANK0  0057
___fldiv@grs             cstackBANK0  0053
___fldiv@new_exp         cstackBANK0  0051
___fldiv@rem             cstackBANK0  004C
___fldiv@sign            cstackBANK0  0050
___fleq                  text6        1664
___fleq@ff1              cstackCOMMON 0070
___fleq@ff2              cstackCOMMON 0074
___flge                  text11       175E
___flge@ff1              cstackCOMMON 0070
___flge@ff2              cstackCOMMON 0074
___flmul                 text8        0101
___flmul@a               cstackBANK0  0029
___flmul@aexp            cstackBANK0  0037
___flmul@b               cstackBANK0  0025
___flmul@bexp            cstackBANK0  0038
___flmul@grs             cstackBANK0  0033
___flmul@prod            cstackBANK0  0039
___flmul@sign            cstackBANK0  0032
___flmul@temp            cstackBANK0  003D
___flsub                 text13       16B2
___flsub@a               cstackBANK1  00A0
___flsub@b               cstackBANK1  00A4
___fltol                 text12       0800
___fltol@exp1            cstackBANK0  006E
___fltol@f1              cstackBANK1  00A8
___fltol@sign1           cstackBANK0  006D
___int_sp                stack        0000
___latbits               (abs)        0002
___lwdiv                 text3        1620
___lwdiv@counter         cstackCOMMON 0077
___lwdiv@dividend        cstackCOMMON 0072
___lwdiv@divisor         cstackCOMMON 0070
___lwdiv@quotient        cstackCOMMON 0075
___lwmod                 text2        15E6
___lwmod@counter         cstackCOMMON 007D
___lwmod@dividend        cstackCOMMON 007A
___lwmod@divisor         cstackCOMMON 0078
___sp                    stack        0000
___stackhi               (abs)        0000
___stacklo               (abs)        0000
___xxtofl                text10       0892
___xxtofl@arg            cstackCOMMON 007A
___xxtofl@exp            cstackCOMMON 0079
___xxtofl@sign           cstackCOMMON 0078
___xxtofl@val            cstackCOMMON 0070
__end_of_LCD_Char        text18       15E6
__end_of_LCD_Clear       text20       0027
__end_of_LCD_Command     text21       15B0
__end_of_LCD_Init        text19       154E
__end_of_LCD_String      text17       14FD
__end_of_LCD_String_xy   text16       157A
__end_of__Umul8_16       text9        1524
__end_of___fladd         text14       1000
__end_of___fldiv         text15       0D78
__end_of___fleq          text6        16B2
__end_of___flge          text11       1800
__end_of___flmul         text8        0462
__end_of___flsub         text13       1702
__end_of___fltol         text12       0892
__end_of___lwdiv         text3        1664
__end_of___lwmod         text2        1620
__end_of___xxtofl        text10       094C
__end_of__initialization cinit        07FC
__end_of__stringtab      strings      1010
__end_of_dpowers         strings      101A
__end_of_eval_poly       text7        0101
__end_of_frexp           text5        175E
__end_of_log             text4        0B9B
__end_of_main            maintext     07EE
__end_of_sprintf         text1        0A4F
__end_oflog@coeff        strings      103E
__initialization         cinit        07EE
__pbssBANK0              bssBANK0     006F
__pbssBANK1              bssBANK1     00E2
__pcstackBANK0           cstackBANK0  0020
__pcstackBANK1           cstackBANK1  00A0
__pcstackCOMMON          cstackCOMMON 0070
__pmaintext              maintext     0462
__pstrings               strings      1000
__ptext1                 text1        094C
__ptext10                text10       0892
__ptext11                text11       175E
__ptext12                text12       0800
__ptext13                text13       16B2
__ptext14                text14       0D78
__ptext15                text15       0B9B
__ptext16                text16       154E
__ptext17                text17       14D7
__ptext18                text18       15B0
__ptext19                text19       1524
__ptext2                 text2        15E6
__ptext20                text20       0017
__ptext21                text21       157A
__ptext3                 text3        1620
__ptext4                 text4        0A4F
__ptext5                 text5        1702
__ptext6                 text6        1664
__ptext7                 text7        0027
__ptext8                 text8        0101
__ptext9                 text9        14FD
__stringbase             strings      100F
__stringtab              strings      1000
_dpowers                 strings      1010
_errno                   bssBANK1     00E6
_eval_poly               text7        0027
_frexp                   text5        1702
_log                     text4        0A4F
_main                    maintext     0462
_main$937                cstackBANK1  00D2
_main$938                cstackBANK1  00D6
_main$939                cstackBANK1  00DA
_sprintf                 text1        094C
_temp                    bssBANK1     00E2
_value_adc               bssBANK1     00E8
btemp                    (abs)        007E
end_of_initialization    cinit        07FC
eval_poly@d              cstackBANK1  00A4
eval_poly@n              cstackBANK1  00A5
eval_poly@res            cstackBANK1  00AC
eval_poly@x              cstackBANK1  00A0
frexp@eptr               cstackBANK0  0024
frexp@value              cstackBANK0  0020
intlevel0                functab      0000
intlevel1                functab      0000
intlevel2                functab      0000
intlevel3                functab      0000
intlevel4                functab      0000
intlevel5                functab      0000
log@coeff                strings      101A
log@exponent             cstackBANK1  00B4
log@x                    cstackBANK1  00B0
main@Temperature         cstackBANK1  00C4
main@a                   cstackBANK1  00CE
main@tempC               cstackBANK1  00DE
reset_vec                reset_vec    0000
sprintf@ap               cstackBANK1  00BB
sprintf@c                cstackBANK1  00BF
sprintf@f                cstackBANK1  00B1
sprintf@flag             cstackBANK1  00B9
sprintf@prec             cstackBANK1  00BA
sprintf@sp               cstackBANK1  00BE
sprintf@val              cstackBANK1  00BC
start                    init         0000
start_initialization     cinit        07EE
wtemp0                   (abs)        007E


MODULE INFORMATION

Module		Function		Class		Link	Load	Size
C:\Program Files\Microchip\xc8\v2.35\pic\sources\c90\common\xxtofl.c
		___xxtofl      		CODE           	0892	0000	186

C:\Program Files\Microchip\xc8\v2.35\pic\sources\c90\common\xxtofl.c estimated size: 186

C:\Program Files\Microchip\xc8\v2.35\pic\sources\c90\common\lwdiv.c
		___lwdiv       		CODE           	1620	0000	68

C:\Program Files\Microchip\xc8\v2.35\pic\sources\c90\common\lwdiv.c estimated size: 68

C:\Program Files\Microchip\xc8\v2.35\pic\sources\c90\common\fltol.c
		___fltol       		CODE           	0800	0000	146

C:\Program Files\Microchip\xc8\v2.35\pic\sources\c90\common\fltol.c estimated size: 146

C:\Program Files\Microchip\xc8\v2.35\pic\sources\c90\common\fleq.c
		___fleq        		CODE           	1664	0000	78

C:\Program Files\Microchip\xc8\v2.35\pic\sources\c90\common\fleq.c estimated size: 78

C:\Program Files\Microchip\xc8\v2.35\pic\sources\c90\common\doprnt.c
		_sprintf       		CODE           	094C	0000	259

C:\Program Files\Microchip\xc8\v2.35\pic\sources\c90\common\doprnt.c estimated size: 259

C:\Program Files\Microchip\xc8\v2.35\pic\sources\c90\common\sprcmul.c
		___flmul       		CODE           	0101	0000	865

C:\Program Files\Microchip\xc8\v2.35\pic\sources\c90\common\sprcmul.c estimated size: 865

C:\Program Files\Microchip\xc8\v2.35\pic\sources\c90\common\sprcdiv.c
		___fldiv       		CODE           	0B9B	0000	477

C:\Program Files\Microchip\xc8\v2.35\pic\sources\c90\common\sprcdiv.c estimated size: 477

shared
		__stringtab    		STRING         	1000	0000	16
		_dpowers       		STRING         	1010	0000	10
		__initialization		CODE           	07EE	0000	14
		log@coeff      		STRING         	101A	0000	36

shared estimated size: 76

C:\Program Files\Microchip\xc8\v2.35\pic\sources\c90\common\evalpoly.c
		_eval_poly     		CODE           	0027	0000	218

C:\Program Files\Microchip\xc8\v2.35\pic\sources\c90\common\evalpoly.c estimated size: 218

C:\Program Files\Microchip\xc8\v2.35\pic\sources\c90\common\Umul8_16.c
		__Umul8_16     		CODE           	14FD	0000	39

C:\Program Files\Microchip\xc8\v2.35\pic\sources\c90\common\Umul8_16.c estimated size: 39

C:\Program Files\Microchip\xc8\v2.35\pic\sources\c90\common\flge.c
		___flge        		CODE           	175E	0000	162

C:\Program Files\Microchip\xc8\v2.35\pic\sources\c90\common\flge.c estimated size: 162

C:\Program Files\Microchip\xc8\v2.35\pic\sources\c90\common\log.c
		_log           		CODE           	0A4F	0000	332

C:\Program Files\Microchip\xc8\v2.35\pic\sources\c90\common\log.c estimated size: 332

C:\Program Files\Microchip\xc8\v2.35\pic\sources\c90\common\lwmod.c
		___lwmod       		CODE           	15E6	0000	58

C:\Program Files\Microchip\xc8\v2.35\pic\sources\c90\common\lwmod.c estimated size: 58

main.c
		_main          		CODE           	0462	0000	908

main.c estimated size: 908

C:\Program Files\Microchip\xc8\v2.35\pic\sources\c90\common\sprcadd.c
		___flsub       		CODE           	16B2	0000	80
		___fladd       		CODE           	0D78	0000	648

C:\Program Files\Microchip\xc8\v2.35\pic\sources\c90\common\sprcadd.c estimated size: 728

C:\Program Files\Microchip\xc8\v2.35\pic\sources\c90\common\frexp.c
		_frexp         		CODE           	1702	0000	92

C:\Program Files\Microchip\xc8\v2.35\pic\sources\c90\common\frexp.c estimated size: 92

LCD.c
		_LCD_String    		CODE           	14D7	0000	38
		_LCD_Init      		CODE           	1524	0000	42
		_LCD_Command   		CODE           	157A	0000	54
		_LCD_String_xy 		CODE           	154E	0000	44
		_LCD_Char      		CODE           	15B0	0000	54
		_LCD_Clear     		CODE           	0017	0000	16

LCD.c estimated size: 248

